// Jest Snapshot v1, https://goo.gl/fbAQLP

exports[`password-view renders correctly 1`] = `
Object {
  "asFragment": [Function],
  "baseElement": <body>
    <div>
      <div
        class="layout"
      >
        <div
          class="ant-row ant-row-no-wrap css-dev-only-do-not-override-dkbvqv"
        >
          <div
            class="ant-col css-dev-only-do-not-override-dkbvqv"
            style="flex-basis: auto; min-width: 0;"
          >
            <h1>
              name1
            </h1>
          </div>
          <div
            class="ant-col css-dev-only-do-not-override-dkbvqv"
            style="flex: 0 0 15px; min-width: 0;"
          >
            <div
              class="ant-dropdown-trigger editIcon"
            >
              <svg
                aria-hidden="true"
                class="svg-inline--fa fa-ellipsis-vertical "
                data-icon="ellipsis-vertical"
                data-prefix="fas"
                focusable="false"
                role="img"
                viewBox="0 0 128 512"
                xmlns="http://www.w3.org/2000/svg"
              >
                <path
                  d="M64 360a56 56 0 1 0 0 112 56 56 0 1 0 0-112zm0-160a56 56 0 1 0 0 112 56 56 0 1 0 0-112zM120 96A56 56 0 1 0 8 96a56 56 0 1 0 112 0z"
                  fill="currentColor"
                />
              </svg>
            </div>
          </div>
        </div>
        <div
          class="ant-row row css-dev-only-do-not-override-dkbvqv"
        >
          <div
            class="ant-col label ant-col-xs-24 ant-col-xl-6 css-dev-only-do-not-override-dkbvqv"
          >
            <span>
              Имя пользователя:
            </span>
          </div>
          <div
            class="ant-col value css-dev-only-do-not-override-dkbvqv"
          >
            login1
          </div>
        </div>
        <div
          class="ant-row row css-dev-only-do-not-override-dkbvqv"
        >
          <div
            class="ant-col label ant-col-xs-24 ant-col-xl-6 css-dev-only-do-not-override-dkbvqv"
          >
            <span>
              Пароль:
            </span>
          </div>
          <div
            class="ant-col value css-dev-only-do-not-override-dkbvqv"
          >
            <span
              class="ant-input-affix-wrapper ant-input-password password css-dev-only-do-not-override-dkbvqv ant-input-affix-wrapper-borderless css-dev-only-do-not-override-dkbvqv"
            >
              <input
                class="ant-input ant-input-borderless css-dev-only-do-not-override-dkbvqv"
                type="password"
              />
              <span
                class="ant-input-suffix"
              >
                <span
                  aria-label="eye-invisible"
                  class="anticon anticon-eye-invisible ant-input-password-icon"
                  role="img"
                  tabindex="-1"
                >
                  <svg
                    aria-hidden="true"
                    data-icon="eye-invisible"
                    fill="currentColor"
                    focusable="false"
                    height="1em"
                    viewBox="64 64 896 896"
                    width="1em"
                  >
                    <path
                      d="M942.2 486.2Q889.47 375.11 816.7 305l-50.88 50.88C807.31 395.53 843.45 447.4 874.7 512 791.5 684.2 673.4 766 512 766q-72.67 0-133.87-22.38L323 798.75Q408 838 512 838q288.3 0 430.2-300.3a60.29 60.29 0 000-51.5zm-63.57-320.64L836 122.88a8 8 0 00-11.32 0L715.31 232.2Q624.86 186 512 186q-288.3 0-430.2 300.3a60.3 60.3 0 000 51.5q56.69 119.4 136.5 191.41L112.48 835a8 8 0 000 11.31L155.17 889a8 8 0 0011.31 0l712.15-712.12a8 8 0 000-11.32zM149.3 512C232.6 339.8 350.7 258 512 258c54.54 0 104.13 9.36 149.12 28.39l-70.3 70.3a176 176 0 00-238.13 238.13l-83.42 83.42C223.1 637.49 183.3 582.28 149.3 512zm246.7 0a112.11 112.11 0 01146.2-106.69L401.31 546.2A112 112 0 01396 512z"
                    />
                    <path
                      d="M508 624c-3.46 0-6.87-.16-10.25-.47l-52.82 52.82a176.09 176.09 0 00227.42-227.42l-52.82 52.82c.31 3.38.47 6.79.47 10.25a111.94 111.94 0 01-112 112z"
                    />
                  </svg>
                </span>
              </span>
            </span>
          </div>
        </div>
        <div
          class="ant-row row css-dev-only-do-not-override-dkbvqv"
        >
          <div
            class="ant-col label ant-col-xs-24 ant-col-xl-6 css-dev-only-do-not-override-dkbvqv"
          >
            <span>
              URL:
            </span>
          </div>
          <div
            class="ant-col value url ant-col-xs-24 ant-col-xl-18 css-dev-only-do-not-override-dkbvqv"
          >
            <a
              href="url1"
              rel="noreferrer"
              target="_blank"
            >
              url1
            </a>
          </div>
        </div>
        <div
          class="ant-row row css-dev-only-do-not-override-dkbvqv"
        >
          <div
            class="ant-col label ant-col-xs-24 ant-col-xl-6 css-dev-only-do-not-override-dkbvqv"
          >
            <span>
              Группа:
            </span>
          </div>
          <div
            class="ant-col value css-dev-only-do-not-override-dkbvqv"
          >
            Мои пароли
          </div>
        </div>
        <div
          class="ant-row row css-dev-only-do-not-override-dkbvqv"
        >
          <div
            class="ant-col label ant-col-xs-24 ant-col-xl-6 css-dev-only-do-not-override-dkbvqv"
          >
            <span>
              Описание:
            </span>
          </div>
          <div
            class="ant-col value css-dev-only-do-not-override-dkbvqv"
          >
            description1
          </div>
        </div>
      </div>
    </div>
  </body>,
  "container": <div>
    <div
      class="layout"
    >
      <div
        class="ant-row ant-row-no-wrap css-dev-only-do-not-override-dkbvqv"
      >
        <div
          class="ant-col css-dev-only-do-not-override-dkbvqv"
          style="flex-basis: auto; min-width: 0;"
        >
          <h1>
            name1
          </h1>
        </div>
        <div
          class="ant-col css-dev-only-do-not-override-dkbvqv"
          style="flex: 0 0 15px; min-width: 0;"
        >
          <div
            class="ant-dropdown-trigger editIcon"
          >
            <svg
              aria-hidden="true"
              class="svg-inline--fa fa-ellipsis-vertical "
              data-icon="ellipsis-vertical"
              data-prefix="fas"
              focusable="false"
              role="img"
              viewBox="0 0 128 512"
              xmlns="http://www.w3.org/2000/svg"
            >
              <path
                d="M64 360a56 56 0 1 0 0 112 56 56 0 1 0 0-112zm0-160a56 56 0 1 0 0 112 56 56 0 1 0 0-112zM120 96A56 56 0 1 0 8 96a56 56 0 1 0 112 0z"
                fill="currentColor"
              />
            </svg>
          </div>
        </div>
      </div>
      <div
        class="ant-row row css-dev-only-do-not-override-dkbvqv"
      >
        <div
          class="ant-col label ant-col-xs-24 ant-col-xl-6 css-dev-only-do-not-override-dkbvqv"
        >
          <span>
            Имя пользователя:
          </span>
        </div>
        <div
          class="ant-col value css-dev-only-do-not-override-dkbvqv"
        >
          login1
        </div>
      </div>
      <div
        class="ant-row row css-dev-only-do-not-override-dkbvqv"
      >
        <div
          class="ant-col label ant-col-xs-24 ant-col-xl-6 css-dev-only-do-not-override-dkbvqv"
        >
          <span>
            Пароль:
          </span>
        </div>
        <div
          class="ant-col value css-dev-only-do-not-override-dkbvqv"
        >
          <span
            class="ant-input-affix-wrapper ant-input-password password css-dev-only-do-not-override-dkbvqv ant-input-affix-wrapper-borderless css-dev-only-do-not-override-dkbvqv"
          >
            <input
              class="ant-input ant-input-borderless css-dev-only-do-not-override-dkbvqv"
              type="password"
            />
            <span
              class="ant-input-suffix"
            >
              <span
                aria-label="eye-invisible"
                class="anticon anticon-eye-invisible ant-input-password-icon"
                role="img"
                tabindex="-1"
              >
                <svg
                  aria-hidden="true"
                  data-icon="eye-invisible"
                  fill="currentColor"
                  focusable="false"
                  height="1em"
                  viewBox="64 64 896 896"
                  width="1em"
                >
                  <path
                    d="M942.2 486.2Q889.47 375.11 816.7 305l-50.88 50.88C807.31 395.53 843.45 447.4 874.7 512 791.5 684.2 673.4 766 512 766q-72.67 0-133.87-22.38L323 798.75Q408 838 512 838q288.3 0 430.2-300.3a60.29 60.29 0 000-51.5zm-63.57-320.64L836 122.88a8 8 0 00-11.32 0L715.31 232.2Q624.86 186 512 186q-288.3 0-430.2 300.3a60.3 60.3 0 000 51.5q56.69 119.4 136.5 191.41L112.48 835a8 8 0 000 11.31L155.17 889a8 8 0 0011.31 0l712.15-712.12a8 8 0 000-11.32zM149.3 512C232.6 339.8 350.7 258 512 258c54.54 0 104.13 9.36 149.12 28.39l-70.3 70.3a176 176 0 00-238.13 238.13l-83.42 83.42C223.1 637.49 183.3 582.28 149.3 512zm246.7 0a112.11 112.11 0 01146.2-106.69L401.31 546.2A112 112 0 01396 512z"
                  />
                  <path
                    d="M508 624c-3.46 0-6.87-.16-10.25-.47l-52.82 52.82a176.09 176.09 0 00227.42-227.42l-52.82 52.82c.31 3.38.47 6.79.47 10.25a111.94 111.94 0 01-112 112z"
                  />
                </svg>
              </span>
            </span>
          </span>
        </div>
      </div>
      <div
        class="ant-row row css-dev-only-do-not-override-dkbvqv"
      >
        <div
          class="ant-col label ant-col-xs-24 ant-col-xl-6 css-dev-only-do-not-override-dkbvqv"
        >
          <span>
            URL:
          </span>
        </div>
        <div
          class="ant-col value url ant-col-xs-24 ant-col-xl-18 css-dev-only-do-not-override-dkbvqv"
        >
          <a
            href="url1"
            rel="noreferrer"
            target="_blank"
          >
            url1
          </a>
        </div>
      </div>
      <div
        class="ant-row row css-dev-only-do-not-override-dkbvqv"
      >
        <div
          class="ant-col label ant-col-xs-24 ant-col-xl-6 css-dev-only-do-not-override-dkbvqv"
        >
          <span>
            Группа:
          </span>
        </div>
        <div
          class="ant-col value css-dev-only-do-not-override-dkbvqv"
        >
          Мои пароли
        </div>
      </div>
      <div
        class="ant-row row css-dev-only-do-not-override-dkbvqv"
      >
        <div
          class="ant-col label ant-col-xs-24 ant-col-xl-6 css-dev-only-do-not-override-dkbvqv"
        >
          <span>
            Описание:
          </span>
        </div>
        <div
          class="ant-col value css-dev-only-do-not-override-dkbvqv"
        >
          description1
        </div>
      </div>
    </div>
  </div>,
  "debug": [Function],
  "findAllByAltText": [Function],
  "findAllByDisplayValue": [Function],
  "findAllByLabelText": [Function],
  "findAllByPlaceholderText": [Function],
  "findAllByRole": [Function],
  "findAllByTestId": [Function],
  "findAllByText": [Function],
  "findAllByTitle": [Function],
  "findByAltText": [Function],
  "findByDisplayValue": [Function],
  "findByLabelText": [Function],
  "findByPlaceholderText": [Function],
  "findByRole": [Function],
  "findByTestId": [Function],
  "findByText": [Function],
  "findByTitle": [Function],
  "getAllByAltText": [Function],
  "getAllByDisplayValue": [Function],
  "getAllByLabelText": [Function],
  "getAllByPlaceholderText": [Function],
  "getAllByRole": [Function],
  "getAllByTestId": [Function],
  "getAllByText": [Function],
  "getAllByTitle": [Function],
  "getByAltText": [Function],
  "getByDisplayValue": [Function],
  "getByLabelText": [Function],
  "getByPlaceholderText": [Function],
  "getByRole": [Function],
  "getByTestId": [Function],
  "getByText": [Function],
  "getByTitle": [Function],
  "queryAllByAltText": [Function],
  "queryAllByDisplayValue": [Function],
  "queryAllByLabelText": [Function],
  "queryAllByPlaceholderText": [Function],
  "queryAllByRole": [Function],
  "queryAllByTestId": [Function],
  "queryAllByText": [Function],
  "queryAllByTitle": [Function],
  "queryByAltText": [Function],
  "queryByDisplayValue": [Function],
  "queryByLabelText": [Function],
  "queryByPlaceholderText": [Function],
  "queryByRole": [Function],
  "queryByTestId": [Function],
  "queryByText": [Function],
  "queryByTitle": [Function],
  "rerender": [Function],
  "unmount": [Function],
}
`;
